// Jest Snapshot v1, https://goo.gl/fbAQLP

exports[`Event renders 1`] = `
<WithStyles(Card)
  className="card"
>
  <WithStyles(CardHeader)
    avatar={
      <WithStyles(Avatar)
        aria-label="teamPhoto"
        src="https://picsum.photos/48"
      />
    }
    subheader="2019 M05 4, Sat 21"
    title="foo"
  />
  <WithStyles(CardContent)>
    <WithStyles(Typography)
      component="p"
    >
      Somewhere USA
    </WithStyles(Typography)>
  </WithStyles(CardContent)>
  <WithStyles(CardActions)>
    <WithStyles(IconButton)
      aria-label="Playing"
    >
      <pure(CheckCircleOutlineIcon)
        className="icon"
      />
    </WithStyles(IconButton)>
    <WithStyles(IconButton)
      aria-label="Tentative"
    >
      <pure(HelpOutlineOutlinedIcon)
        className="icon"
      />
    </WithStyles(IconButton)>
    <WithStyles(IconButton)
      aria-label="Not Playing"
    >
      <pure(HighlightOffOutlinedIcon)
        className="icon"
      />
    </WithStyles(IconButton)>
  </WithStyles(CardActions)>
</WithStyles(Card)>
`;

exports[`EventWithStyles renders 1`] = `
<Event
  classes={
    Object {
      "card": "Event-card-1",
      "icon": "Event-icon-2",
    }
  }
  location="Somewhere USA"
  startTime={2019-05-05T04:15:00.000Z}
  teamPhotoUrl="https://picsum.photos/48"
  title="foo"
/>
`;
