// Jest Snapshot v1, https://goo.gl/fbAQLP

exports[`Event renders 1`] = `
<WithStyles(Card)
  className="card"
>
  <WithStyles(CardHeader)
    avatar={
      <WithStyles(Avatar)
        aria-label="teamPhoto"
        src="https://picsum.photos/48"
      />
    }
    subheader={
      <t
        ago={false}
        calendar={false}
        date={2019-05-05T04:15:00.000Z}
        decimal={false}
        element={null}
        filter={[Function]}
        format="LLLL"
        fromNow={false}
        interval={60000}
        local={false}
        onChange={[Function]}
        titleFormat=""
        toNow={false}
        unit={null}
        unix={false}
        utc={false}
        withTitle={false}
      />
    }
    title="foo"
  />
  <WithStyles(CardContent)>
    <WithStyles(Typography)
      component="p"
    >
      Somewhere USA
    </WithStyles(Typography)>
  </WithStyles(CardContent)>
  <WithStyles(CardActions)>
    <PlayingButton
      className="icon"
      isPlaying={false}
    />
    <TentativeButton
      className="icon"
      isTentative={false}
    />
    <NotPlayingButton
      className="icon"
      isNotPlaying={false}
    />
  </WithStyles(CardActions)>
</WithStyles(Card)>
`;

exports[`Event when the event has no team photo url renders 1`] = `
<WithStyles(Card)
  className="card"
>
  <WithStyles(CardHeader)
    avatar={
      <WithStyles(Avatar)
        aria-label="teamPhoto"
        src="https://picsum.photos/48"
      />
    }
    subheader={
      <t
        ago={false}
        calendar={false}
        date={2019-05-05T04:15:00.000Z}
        decimal={false}
        element={null}
        filter={[Function]}
        format="LLLL"
        fromNow={false}
        interval={60000}
        local={false}
        onChange={[Function]}
        titleFormat=""
        toNow={false}
        unit={null}
        unix={false}
        utc={false}
        withTitle={false}
      />
    }
    title="foo"
  />
  <WithStyles(CardContent)>
    <WithStyles(Typography)
      component="p"
    >
      Somewhere USA
    </WithStyles(Typography)>
  </WithStyles(CardContent)>
  <WithStyles(CardActions)>
    <PlayingButton
      className="icon"
      isPlaying={false}
    />
    <TentativeButton
      className="icon"
      isTentative={false}
    />
    <NotPlayingButton
      className="icon"
      isNotPlaying={false}
    />
  </WithStyles(CardActions)>
</WithStyles(Card)>
`;

exports[`EventWithStyles renders 1`] = `
<Event
  classes={
    Object {
      "card": "Event-card-1",
      "icon": "Event-icon-2",
    }
  }
  location="Somewhere USA"
  rsvpStatus="NONE"
  startTime={2019-05-05T04:15:00.000Z}
  teamPhotoUrl="https://picsum.photos/48"
  title="foo"
/>
`;
