// Jest Snapshot v1, https://goo.gl/fbAQLP

exports[`Form renders 1`] = `
<div
  className="form"
>
  <WithStyles(FormControl)
    fullWidth={true}
    margin="normal"
    required={true}
  >
    <WithStyles(WithFormControlContext(InputLabel))
      htmlFor="username"
    >
      Username
    </WithStyles(WithFormControlContext(InputLabel))>
    <WithStyles(Input)
      autoComplete="username"
      autoFocus={true}
      id="username"
      name="username"
      onChange={[Function]}
      value=""
    />
  </WithStyles(FormControl)>
  <WithStyles(FormControl)
    fullWidth={true}
    margin="normal"
    required={true}
  >
    <WithStyles(WithFormControlContext(InputLabel))
      htmlFor="password"
    >
      Password
    </WithStyles(WithFormControlContext(InputLabel))>
    <WithStyles(Input)
      autoComplete="current-password"
      id="password"
      name="password"
      onChange={[Function]}
      type="password"
      value=""
    />
  </WithStyles(FormControl)>
  <WithStyles(WithFormControlContext(FormControlLabel))
    control={
      <WithStyles(Checkbox)
        color="primary"
        value="remember"
      />
    }
    label="Remember me"
  />
  <WithStyles(Button)
    className="submit"
    color="primary"
    fullWidth={true}
    onClick={[Function]}
    type="submit"
    variant="contained"
  >
    Sign in
  </WithStyles(Button)>
</div>
`;
