// Jest Snapshot v1, https://goo.gl/fbAQLP

exports[`EventActions renders as expected 1`] = `
<Fragment>
  <PlayingButton
    className="icon"
    isPlaying={false}
  />
  <TentativeButton
    className="icon"
    isTentative={false}
  />
  <NotPlayingButton
    className="icon"
    isNotPlaying={false}
  />
</Fragment>
`;
