// Jest Snapshot v1, https://goo.gl/fbAQLP

exports[`EventActions renders as expected 1`] = `
<Fragment>
  <PlayingButton
    className="icon"
    isPlaying={false}
    onRsvp={[MockFunction saveRsvpCallback]}
  />
  <TentativeButton
    className="icon"
    isTentative={false}
    onRsvp={[MockFunction saveRsvpCallback]}
  />
  <NotPlayingButton
    className="icon"
    isNotPlaying={false}
    onRsvp={[MockFunction saveRsvpCallback]}
  />
</Fragment>
`;

exports[`EventActions when loading renders as expected 1`] = `
<WithStyles(ForwardRef(CircularProgress))
  className="icon"
  color="secondary"
/>
`;
