// Jest Snapshot v1, https://goo.gl/fbAQLP

exports[`UserAvatar when the component is fetching data renders as expected 1`] = `
<WithStyles(CircularProgress)
  color="secondary"
/>
`;

exports[`UserAvatar when the user does have an avatar renders as expected 1`] = `
<WithStyles(Avatar)
  className="avatar"
  src="foo"
/>
`;

exports[`UserAvatar when the user does not have an avatar renders as expected 1`] = `<pure(AccountCircleIcon) />`;
