// Jest Snapshot v1, https://goo.gl/fbAQLP

exports[`SkeletonEvent renders as expected 1`] = `
<WithStyles(ForwardRef(Card))
  className="card"
>
  <WithStyles(ForwardRef(CardHeader))
    avatar={
      <WithStyles(ForwardRef(Skeleton))
        height={40}
        variant="circle"
        width={40}
      />
    }
    subheader={
      <WithStyles(ForwardRef(Skeleton))
        height={6}
        width="80%"
      />
    }
    title={
      <WithStyles(ForwardRef(Skeleton))
        height={6}
      />
    }
  />
  <WithStyles(ForwardRef(CardContent))>
    <WithStyles(ForwardRef(Skeleton))
      height={50}
      variant="rect"
    />
  </WithStyles(ForwardRef(CardContent))>
  <WithStyles(ForwardRef(CardActions))>
    <WithStyles(ForwardRef(IconButton))>
      <WithStyles(ForwardRef(Skeleton))
        variant="rect"
      />
    </WithStyles(ForwardRef(IconButton))>
  </WithStyles(ForwardRef(CardActions))>
</WithStyles(ForwardRef(Card))>
`;

exports[`SkeletonEventWithStyles renders as expected 1`] = `
<SkeletonEvent
  classes={
    Object {
      "card": "SkeletonEvent-card-1",
    }
  }
/>
`;
