// Jest Snapshot v1, https://goo.gl/fbAQLP

exports[`AppHeader renders 1`] = `
<WithStyles(ForwardRef(AppBar))
  position="static"
>
  <WithStyles(ForwardRef(Toolbar))>
    <WithStyles(ForwardRef(IconButton))
      aria-label="Menu"
      className="styles"
      color="inherit"
    >
      <Memo(ForwardRef(MenuIcon)) />
    </WithStyles(ForwardRef(IconButton))>
    <WithStyles(ForwardRef(Typography))
      className="grow"
      color="inherit"
      variant="h6"
    >
      League Wrangler
    </WithStyles(ForwardRef(Typography))>
    <WithStyles(UserAvatar) />
  </WithStyles(ForwardRef(Toolbar))>
</WithStyles(ForwardRef(AppBar))>
`;
