// Jest Snapshot v1, https://goo.gl/fbAQLP

exports[`AuthenticatedRoute when authenticated renders the component provided to the route 1`] = `
<Route
  render={[Function]}
/>
`;

exports[`AuthenticatedRoute when not authenticated redirects to the login page 1`] = `
<Route
  render={[Function]}
/>
`;
