// Jest Snapshot v1, https://goo.gl/fbAQLP

exports[`Routes renders 1`] = `
<BrowserRouter>
  <Switch>
    <Connect(AuthenticatedRoute)
      component={[Function]}
      exact={true}
      path="/"
    />
    <Route
      component={[Function]}
      path="/login"
    />
  </Switch>
</BrowserRouter>
`;
