// Jest Snapshot v1, https://goo.gl/fbAQLP

exports[`Login renders 1`] = `
<div
  className="main"
>
  <WithStyles(Paper)
    className="paper"
  >
    <WithStyles(Avatar)
      className="avatar"
    >
      <pure(LockOutlinedIcon) />
    </WithStyles(Avatar)>
    <WithStyles(Typography)
      component="h1"
      variant="h5"
    >
      Sign in
    </WithStyles(Typography)>
    <Form
      formClassname="form"
      submitButtonClassname="submit"
    />
  </WithStyles(Paper)>
</div>
`;
