// Jest Snapshot v1, https://goo.gl/fbAQLP

exports[`Login renders 1`] = `
<div
  className="main"
>
  <WithStyles(ForwardRef(Paper))
    className="paper"
  >
    <WithStyles(ForwardRef(Avatar))
      className="avatar"
    >
      <Memo(ForwardRef(LockOutlinedIcon)) />
    </WithStyles(ForwardRef(Avatar))>
    <WithStyles(ForwardRef(Typography))
      component="h1"
      variant="h5"
    >
      Sign in
    </WithStyles(ForwardRef(Typography))>
    <Form
      formClassname="form"
      submitButtonClassname="submit"
    />
  </WithStyles(ForwardRef(Paper))>
</div>
`;
