// Jest Snapshot v1, https://goo.gl/fbAQLP

exports[`styles generates styles correctly 1`] = `
Object {
  "avatar": Object {
    "backgroundColor": "#f50057",
    "margin": 8,
  },
  "form": Object {
    "marginTop": 8,
    "width": "100%",
  },
  "main": Object {
    "@media (min-width:448px)": Object {
      "marginLeft": "auto",
      "marginRight": "auto",
      "width": 400,
    },
    "display": "block",
    "marginLeft": 24,
    "marginRight": 24,
    "width": "auto",
  },
  "paper": Object {
    "alignItems": "center",
    "display": "flex",
    "flexDirection": "column",
    "marginTop": 64,
    "padding": "16px 24px 24px",
  },
  "submit": Object {
    "marginTop": 24,
  },
}
`;
